------------------------------------------------------------
TimeQuest Timing Analyzer Summary
------------------------------------------------------------

Type  : Slow 1200mV 85C Model Setup 'clk_50'
Slack : -3.863
TNS   : -527.298

Type  : Slow 1200mV 85C Model Setup 'adcReader:inst|clk_spi'
Slack : -2.000
TNS   : -36.213

Type  : Slow 1200mV 85C Model Hold 'clk_50'
Slack : 0.342
TNS   : 0.000

Type  : Slow 1200mV 85C Model Hold 'adcReader:inst|clk_spi'
Slack : 0.343
TNS   : 0.000

Type  : Slow 1200mV 85C Model Recovery 'adcReader:inst|clk_spi'
Slack : -0.540
TNS   : -4.032

Type  : Slow 1200mV 85C Model Removal 'adcReader:inst|clk_spi'
Slack : 0.571
TNS   : 0.000

Type  : Slow 1200mV 85C Model Minimum Pulse Width 'clk_50'
Slack : -3.000
TNS   : -203.000

Type  : Slow 1200mV 85C Model Minimum Pulse Width 'adcReader:inst|clk_spi'
Slack : -1.000
TNS   : -33.000

Type  : Slow 1200mV 0C Model Setup 'clk_50'
Slack : -3.409
TNS   : -457.946

Type  : Slow 1200mV 0C Model Setup 'adcReader:inst|clk_spi'
Slack : -1.726
TNS   : -29.606

Type  : Slow 1200mV 0C Model Hold 'adcReader:inst|clk_spi'
Slack : 0.297
TNS   : 0.000

Type  : Slow 1200mV 0C Model Hold 'clk_50'
Slack : 0.298
TNS   : 0.000

Type  : Slow 1200mV 0C Model Recovery 'adcReader:inst|clk_spi'
Slack : -0.377
TNS   : -2.639

Type  : Slow 1200mV 0C Model Removal 'adcReader:inst|clk_spi'
Slack : 0.515
TNS   : 0.000

Type  : Slow 1200mV 0C Model Minimum Pulse Width 'clk_50'
Slack : -3.000
TNS   : -203.000

Type  : Slow 1200mV 0C Model Minimum Pulse Width 'adcReader:inst|clk_spi'
Slack : -1.000
TNS   : -33.000

Type  : Fast 1200mV 0C Model Setup 'clk_50'
Slack : -1.722
TNS   : -210.760

Type  : Fast 1200mV 0C Model Setup 'adcReader:inst|clk_spi'
Slack : -0.692
TNS   : -8.730

Type  : Fast 1200mV 0C Model Hold 'clk_50'
Slack : 0.177
TNS   : 0.000

Type  : Fast 1200mV 0C Model Hold 'adcReader:inst|clk_spi'
Slack : 0.179
TNS   : 0.000

Type  : Fast 1200mV 0C Model Recovery 'adcReader:inst|clk_spi'
Slack : 0.114
TNS   : 0.000

Type  : Fast 1200mV 0C Model Removal 'adcReader:inst|clk_spi'
Slack : 0.315
TNS   : 0.000

Type  : Fast 1200mV 0C Model Minimum Pulse Width 'clk_50'
Slack : -3.000
TNS   : -215.184

Type  : Fast 1200mV 0C Model Minimum Pulse Width 'adcReader:inst|clk_spi'
Slack : -1.000
TNS   : -33.000

------------------------------------------------------------
